// Jest Snapshot v1, https://goo.gl/fbAQLP

exports[`should render App 1`] = `
<div
  className="container"
>
  <Header />
  <Menu />
  <Connect(Main)>
    <ErrorBoundary>
      <Suspense
        fallback={<Loader />}
      >
        <Switch>
          <Route
            component={
              Object {
                "$$typeof": Symbol(react.lazy),
                "_ctor": [Function],
                "_result": null,
                "_status": -1,
              }
            }
            exact={true}
            path="/"
          />
          <Route
            component={
              Object {
                "$$typeof": Symbol(react.lazy),
                "_ctor": [Function],
                "_result": null,
                "_status": -1,
              }
            }
            path="/page:number"
          />
          <Route
            component={
              Object {
                "$$typeof": Symbol(react.lazy),
                "_ctor": [Function],
                "_result": null,
                "_status": -1,
              }
            }
            path="/sign-in"
          />
          <Connect(PrivateRoute)
            component={
              Object {
                "$$typeof": Symbol(react.lazy),
                "_ctor": [Function],
                "_result": null,
                "_status": -1,
              }
            }
            exact={true}
            path="/profile/my-posts"
          />
          <Connect(PrivateRoute)
            component={
              Object {
                "$$typeof": Symbol(react.lazy),
                "_ctor": [Function],
                "_result": null,
                "_status": -1,
              }
            }
            path="/profile/my-posts/page:number"
          />
          <Connect(PrivateRoute)
            component={
              Object {
                "$$typeof": Symbol(react.lazy),
                "_ctor": [Function],
                "_result": null,
                "_status": -1,
              }
            }
            path="/profile/settings"
          />
          <Connect(PrivateRoute)
            component={
              Object {
                "$$typeof": Symbol(react.lazy),
                "_ctor": [Function],
                "_result": null,
                "_status": -1,
              }
            }
            path="/draft"
          />
          <Connect(PrivateRoute)
            component={
              Object {
                "$$typeof": Symbol(react.lazy),
                "_ctor": [Function],
                "_result": null,
                "_status": -1,
              }
            }
            path="/post/:id/edit"
          />
          <Route
            component={
              Object {
                "$$typeof": Symbol(react.lazy),
                "_ctor": [Function],
                "_result": null,
                "_status": -1,
              }
            }
            path="/post/:id"
          />
          <Route
            component={
              Object {
                "$$typeof": Symbol(react.lazy),
                "_ctor": [Function],
                "_result": null,
                "_status": -1,
              }
            }
            path="/user/:id"
          />
          <Route
            component={
              Object {
                "$$typeof": Symbol(react.lazy),
                "_ctor": [Function],
                "_result": null,
                "_status": -1,
              }
            }
            exact={true}
            path="/users"
          />
          <Route
            component={
              Object {
                "$$typeof": Symbol(react.lazy),
                "_ctor": [Function],
                "_result": null,
                "_status": -1,
              }
            }
            path="/users/page:number"
          />
          <Route
            component={
              Object {
                "$$typeof": Symbol(react.lazy),
                "_ctor": [Function],
                "_result": null,
                "_status": -1,
              }
            }
            path="/support/confirm/email/:email"
          />
          <Route
            component={
              Object {
                "$$typeof": Symbol(react.lazy),
                "_ctor": [Function],
                "_result": null,
                "_status": -1,
              }
            }
            path="/support/confirm/token/:token"
          />
          <Route
            component={
              Object {
                "$$typeof": Symbol(react.lazy),
                "_ctor": [Function],
                "_result": null,
                "_status": -1,
              }
            }
            path="/support/reset/token/:token"
          />
          <Route
            component={
              Object {
                "$$typeof": Symbol(react.lazy),
                "_ctor": [Function],
                "_result": null,
                "_status": -1,
              }
            }
            path="/support/oauth/:provider"
          />
          <Route
            component={
              Object {
                "$$typeof": Symbol(react.lazy),
                "_ctor": [Function],
                "_result": null,
                "_status": -1,
              }
            }
          />
        </Switch>
      </Suspense>
    </ErrorBoundary>
  </Connect(Main)>
  <Footer />
</div>
`;
